<?xml version="1.0" encoding="UTF-8"?>
<TestRun id="95ab6675-519c-46f4-826c-c17ee1f9b407" name="jamie@XPSSTUDIO 2011-01-24 19:36:24" runUser="XPSStudio\jamie" xmlns="http://microsoft.com/schemas/VisualStudio/TeamTest/2010">
  <TestSettings name="Local" id="ec4498f2-b11a-4a4e-84f2-e0e32f3ca741">
    <Description>These are default test settings for a local test run.</Description>
    <Deployment enabled="false" runDeploymentRoot="jamie_XPSSTUDIO 2011-01-24 19_36_24" />
    <Execution>
      <TestTypeSpecific />
      <AgentRule name="Execution Agents">
      </AgentRule>
    </Execution>
  </TestSettings>
  <Times creation="2011-01-24T19:36:24.3191341+00:00" queuing="2011-01-24T19:36:25.7792176+00:00" start="2011-01-24T19:36:25.8992245+00:00" finish="2011-01-24T19:36:36.4538282+00:00" />
  <ResultSummary outcome="Error">
    <Counters total="12" executed="4" passed="3" error="0" failed="0" timeout="0" aborted="1" inconclusive="0" passedButRunAborted="0" notRunnable="0" notExecuted="8" disconnected="0" warning="0" completed="0" inProgress="0" pending="0" />
    <RunInfos>
      <RunInfo computerName="XPSSTUDIO" outcome="Error" timestamp="2011-01-24T19:36:36.4508280+00:00">
        <Text>Test host process exited unexpectedly.</Text>
      </RunInfo>
    </RunInfos>
  </ResultSummary>
  <TestDefinitions>
    <UnitTest name="SetTeam" storage="c:\users\jamie\documents\visual studio 2010\projects\scorepedia\scorepediatest\bin\debug\scorepediatest.dll" id="bb2aa7ea-f98e-c60c-3591-bec326d71048">
      <Execution id="d33b9eed-eae9-47d4-9986-c7daad7d6879" />
      <TestMethod codeBase="C:/Users/jamie/Documents/Visual Studio 2010/Projects/scorepedia/scorepediaTest/bin/Debug/scorepediaTest.DLL" adapterTypeName="Microsoft.VisualStudio.TestTools.TestTypes.Unit.UnitTestAdapter, Microsoft.VisualStudio.QualityTools.Tips.UnitTest.Adapter, Version=10.0.0.0, Culture=neutral, PublicKeyToken=b03f5f7f11d50a3a" className="scorepediaTest.BasicOperations, scorepediaTest, Version=1.0.0.0, Culture=neutral, PublicKeyToken=null" name="SetTeam" />
    </UnitTest>
    <UnitTest name="PremierLeague_20100410" storage="c:\users\jamie\documents\visual studio 2010\projects\scorepedia\scorepediatest\bin\debug\scorepediatest.dll" id="6e83c22e-0c74-bd59-424d-f45ede62e991">
      <Execution id="77861ad5-8d9d-4587-ba2c-9180bedb3edb" />
      <TestMethod codeBase="C:/Users/jamie/Documents/Visual Studio 2010/Projects/scorepedia/scorepediaTest/bin/Debug/scorepediaTest.DLL" adapterTypeName="Microsoft.VisualStudio.TestTools.TestTypes.Unit.UnitTestAdapter, Microsoft.VisualStudio.QualityTools.Tips.UnitTest.Adapter, Version=10.0.0.0, Culture=neutral, PublicKeyToken=b03f5f7f11d50a3a" className="scorepediaTest.PremierLeague20100410, scorepediaTest, Version=1.0.0.0, Culture=neutral, PublicKeyToken=null" name="PremierLeague_20100410" />
    </UnitTest>
    <UnitTest name="SetRegion" storage="c:\users\jamie\documents\visual studio 2010\projects\scorepedia\scorepediatest\bin\debug\scorepediatest.dll" id="19830289-638e-1ac2-5f30-5298e2379ee5">
      <Execution id="5851a6bf-591d-48ba-a35f-9e23759712d0" />
      <TestMethod codeBase="C:/Users/jamie/Documents/Visual Studio 2010/Projects/scorepedia/scorepediaTest/bin/Debug/scorepediaTest.DLL" adapterTypeName="Microsoft.VisualStudio.TestTools.TestTypes.Unit.UnitTestAdapter, Microsoft.VisualStudio.QualityTools.Tips.UnitTest.Adapter, Version=10.0.0.0, Culture=neutral, PublicKeyToken=b03f5f7f11d50a3a" className="scorepediaTest.BasicOperations, scorepediaTest, Version=1.0.0.0, Culture=neutral, PublicKeyToken=null" name="SetRegion" />
    </UnitTest>
    <UnitTest name="SetCompetition" storage="c:\users\jamie\documents\visual studio 2010\projects\scorepedia\scorepediatest\bin\debug\scorepediatest.dll" id="79d5e902-885e-9079-f22f-d085b89c37e5">
      <Execution id="23b39cad-91e0-42b1-a261-1eec142d10d1" />
      <TestMethod codeBase="C:/Users/jamie/Documents/Visual Studio 2010/Projects/scorepedia/scorepediaTest/bin/Debug/scorepediaTest.DLL" adapterTypeName="Microsoft.VisualStudio.TestTools.TestTypes.Unit.UnitTestAdapter, Microsoft.VisualStudio.QualityTools.Tips.UnitTest.Adapter, Version=10.0.0.0, Culture=neutral, PublicKeyToken=b03f5f7f11d50a3a" className="scorepediaTest.BasicOperations, scorepediaTest, Version=1.0.0.0, Culture=neutral, PublicKeyToken=null" name="SetCompetition" />
    </UnitTest>
    <UnitTest name="SetSport" storage="c:\users\jamie\documents\visual studio 2010\projects\scorepedia\scorepediatest\bin\debug\scorepediatest.dll" id="c242f75d-b2b9-122d-7600-2a5b3eb74fd8">
      <Execution id="f8160f29-6879-482a-821f-18eabb332589" />
      <TestMethod codeBase="C:/Users/jamie/Documents/Visual Studio 2010/Projects/scorepedia/scorepediaTest/bin/Debug/scorepediaTest.DLL" adapterTypeName="Microsoft.VisualStudio.TestTools.TestTypes.Unit.UnitTestAdapter, Microsoft.VisualStudio.QualityTools.Tips.UnitTest.Adapter, Version=10.0.0.0, Culture=neutral, PublicKeyToken=b03f5f7f11d50a3a" className="scorepediaTest.BasicOperations, scorepediaTest, Version=1.0.0.0, Culture=neutral, PublicKeyToken=null" name="SetSport" />
    </UnitTest>
    <UnitTest name="ZeroingOutAScore" storage="c:\users\jamie\documents\visual studio 2010\projects\scorepedia\scorepediatest\bin\debug\scorepediatest.dll" id="fb27a4fb-3298-a97a-c0a6-12e910758b3a">
      <Execution id="7f30ffe6-bbd6-48e6-aa8e-30b5e145ea71" />
      <TestMethod codeBase="C:/Users/jamie/Documents/Visual Studio 2010/Projects/scorepedia/scorepediaTest/bin/Debug/scorepediaTest.DLL" adapterTypeName="Microsoft.VisualStudio.TestTools.TestTypes.Unit.UnitTestAdapter, Microsoft.VisualStudio.QualityTools.Tips.UnitTest.Adapter, Version=10.0.0.0, Culture=neutral, PublicKeyToken=b03f5f7f11d50a3a" className="scorepediaTest.ZeroingAScore, scorepediaTest, Version=1.0.0.0, Culture=neutral, PublicKeyToken=null" name="ZeroingOutAScore" />
    </UnitTest>
    <UnitTest name="SetCompetitionType" storage="c:\users\jamie\documents\visual studio 2010\projects\scorepedia\scorepediatest\bin\debug\scorepediatest.dll" id="0cfd5b98-683b-79a5-1256-788e55100c2c">
      <Execution id="70419547-ba7b-497c-a0e9-280708a26724" />
      <TestMethod codeBase="C:/Users/jamie/Documents/Visual Studio 2010/Projects/scorepedia/scorepediaTest/bin/Debug/scorepediaTest.DLL" adapterTypeName="Microsoft.VisualStudio.TestTools.TestTypes.Unit.UnitTestAdapter, Microsoft.VisualStudio.QualityTools.Tips.UnitTest.Adapter, Version=10.0.0.0, Culture=neutral, PublicKeyToken=b03f5f7f11d50a3a" className="scorepediaTest.BasicOperations, scorepediaTest, Version=1.0.0.0, Culture=neutral, PublicKeyToken=null" name="SetCompetitionType" />
    </UnitTest>
    <UnitTest name="ErrorNumber_8114" storage="c:\users\jamie\documents\visual studio 2010\projects\scorepedia\scorepediatest\bin\debug\scorepediatest.dll" id="65e713b3-254c-cded-da54-0ec841a37eb8">
      <Execution id="7bfafb91-0a4c-404e-ad89-e8b64c22a615" />
      <TestMethod codeBase="C:/Users/jamie/Documents/Visual Studio 2010/Projects/scorepedia/scorepediaTest/bin/Debug/scorepediaTest.DLL" adapterTypeName="Microsoft.VisualStudio.TestTools.TestTypes.Unit.UnitTestAdapter, Microsoft.VisualStudio.QualityTools.Tips.UnitTest.Adapter, Version=10.0.0.0, Culture=neutral, PublicKeyToken=b03f5f7f11d50a3a" className="scorepediaTest.MoreThan255GoalsInAMatch, scorepediaTest, Version=1.0.0.0, Culture=neutral, PublicKeyToken=null" name="ErrorNumber_8114" />
    </UnitTest>
    <UnitTest name="SetPlayer" storage="c:\users\jamie\documents\visual studio 2010\projects\scorepedia\scorepediatest\bin\debug\scorepediatest.dll" id="c1681d8d-1334-5a91-13c4-f8b83598cf87">
      <Execution id="21624982-834c-41fd-836d-7501ddec8b33" />
      <TestMethod codeBase="C:/Users/jamie/Documents/Visual Studio 2010/Projects/scorepedia/scorepediaTest/bin/Debug/scorepediaTest.DLL" adapterTypeName="Microsoft.VisualStudio.TestTools.TestTypes.Unit.UnitTestAdapter, Microsoft.VisualStudio.QualityTools.Tips.UnitTest.Adapter, Version=10.0.0.0, Culture=neutral, PublicKeyToken=b03f5f7f11d50a3a" className="scorepediaTest.BasicOperations, scorepediaTest, Version=1.0.0.0, Culture=neutral, PublicKeyToken=null" name="SetPlayer" />
    </UnitTest>
    <UnitTest name="SetScore" storage="c:\users\jamie\documents\visual studio 2010\projects\scorepedia\scorepediatest\bin\debug\scorepediatest.dll" id="7a479066-ee14-155b-2593-a1786ed196ce">
      <Execution id="7cc08c84-eb5e-4d0d-ac4e-4a2bbd7e9e46" />
      <TestMethod codeBase="C:/Users/jamie/Documents/Visual Studio 2010/Projects/scorepedia/scorepediaTest/bin/Debug/scorepediaTest.DLL" adapterTypeName="Microsoft.VisualStudio.TestTools.TestTypes.Unit.UnitTestAdapter, Microsoft.VisualStudio.QualityTools.Tips.UnitTest.Adapter, Version=10.0.0.0, Culture=neutral, PublicKeyToken=b03f5f7f11d50a3a" className="scorepediaTest.BasicOperations, scorepediaTest, Version=1.0.0.0, Culture=neutral, PublicKeyToken=null" name="SetScore" />
    </UnitTest>
    <UnitTest name="SetSeason" storage="c:\users\jamie\documents\visual studio 2010\projects\scorepedia\scorepediatest\bin\debug\scorepediatest.dll" id="7224e00e-dc39-416e-d2b6-4ca0c2af6190">
      <Execution id="b590c123-42ad-4594-b9e3-b1204bb4a107" />
      <TestMethod codeBase="C:/Users/jamie/Documents/Visual Studio 2010/Projects/scorepedia/scorepediaTest/bin/Debug/scorepediaTest.DLL" adapterTypeName="Microsoft.VisualStudio.TestTools.TestTypes.Unit.UnitTestAdapter, Microsoft.VisualStudio.QualityTools.Tips.UnitTest.Adapter, Version=10.0.0.0, Culture=neutral, PublicKeyToken=b03f5f7f11d50a3a" className="scorepediaTest.BasicOperations, scorepediaTest, Version=1.0.0.0, Culture=neutral, PublicKeyToken=null" name="SetSeason" />
    </UnitTest>
    <UnitTest name="SetFixture" storage="c:\users\jamie\documents\visual studio 2010\projects\scorepedia\scorepediatest\bin\debug\scorepediatest.dll" id="b3506ca4-8f08-468d-f200-c37afc5882c5">
      <Execution id="99f1e8ae-45f6-43fb-ab91-0a984dc2f40d" />
      <TestMethod codeBase="C:/Users/jamie/Documents/Visual Studio 2010/Projects/scorepedia/scorepediaTest/bin/Debug/scorepediaTest.DLL" adapterTypeName="Microsoft.VisualStudio.TestTools.TestTypes.Unit.UnitTestAdapter, Microsoft.VisualStudio.QualityTools.Tips.UnitTest.Adapter, Version=10.0.0.0, Culture=neutral, PublicKeyToken=b03f5f7f11d50a3a" className="scorepediaTest.BasicOperations, scorepediaTest, Version=1.0.0.0, Culture=neutral, PublicKeyToken=null" name="SetFixture" />
    </UnitTest>
  </TestDefinitions>
  <TestLists>
    <TestList name="Results Not in a List" id="8c84fa94-04c1-424b-9868-57a2d4851a1d" />
    <TestList name="All Loaded Results" id="19431567-8539-422a-85d7-44ee4e166bda" />
  </TestLists>
  <TestEntries>
    <TestEntry testId="0cfd5b98-683b-79a5-1256-788e55100c2c" executionId="70419547-ba7b-497c-a0e9-280708a26724" testListId="8c84fa94-04c1-424b-9868-57a2d4851a1d" />
    <TestEntry testId="19830289-638e-1ac2-5f30-5298e2379ee5" executionId="5851a6bf-591d-48ba-a35f-9e23759712d0" testListId="8c84fa94-04c1-424b-9868-57a2d4851a1d" />
    <TestEntry testId="65e713b3-254c-cded-da54-0ec841a37eb8" executionId="7bfafb91-0a4c-404e-ad89-e8b64c22a615" testListId="8c84fa94-04c1-424b-9868-57a2d4851a1d" />
    <TestEntry testId="6e83c22e-0c74-bd59-424d-f45ede62e991" executionId="77861ad5-8d9d-4587-ba2c-9180bedb3edb" testListId="8c84fa94-04c1-424b-9868-57a2d4851a1d" />
    <TestEntry testId="7224e00e-dc39-416e-d2b6-4ca0c2af6190" executionId="b590c123-42ad-4594-b9e3-b1204bb4a107" testListId="8c84fa94-04c1-424b-9868-57a2d4851a1d" />
    <TestEntry testId="79d5e902-885e-9079-f22f-d085b89c37e5" executionId="23b39cad-91e0-42b1-a261-1eec142d10d1" testListId="8c84fa94-04c1-424b-9868-57a2d4851a1d" />
    <TestEntry testId="7a479066-ee14-155b-2593-a1786ed196ce" executionId="7cc08c84-eb5e-4d0d-ac4e-4a2bbd7e9e46" testListId="8c84fa94-04c1-424b-9868-57a2d4851a1d" />
    <TestEntry testId="b3506ca4-8f08-468d-f200-c37afc5882c5" executionId="99f1e8ae-45f6-43fb-ab91-0a984dc2f40d" testListId="8c84fa94-04c1-424b-9868-57a2d4851a1d" />
    <TestEntry testId="bb2aa7ea-f98e-c60c-3591-bec326d71048" executionId="d33b9eed-eae9-47d4-9986-c7daad7d6879" testListId="8c84fa94-04c1-424b-9868-57a2d4851a1d" />
    <TestEntry testId="c1681d8d-1334-5a91-13c4-f8b83598cf87" executionId="21624982-834c-41fd-836d-7501ddec8b33" testListId="8c84fa94-04c1-424b-9868-57a2d4851a1d" />
    <TestEntry testId="c242f75d-b2b9-122d-7600-2a5b3eb74fd8" executionId="f8160f29-6879-482a-821f-18eabb332589" testListId="8c84fa94-04c1-424b-9868-57a2d4851a1d" />
    <TestEntry testId="fb27a4fb-3298-a97a-c0a6-12e910758b3a" executionId="7f30ffe6-bbd6-48e6-aa8e-30b5e145ea71" testListId="8c84fa94-04c1-424b-9868-57a2d4851a1d" />
  </TestEntries>
  <Results>
    <UnitTestResult executionId="70419547-ba7b-497c-a0e9-280708a26724" testId="0cfd5b98-683b-79a5-1256-788e55100c2c" testName="SetCompetitionType" computerName="XPSSTUDIO" duration="00:00:00.2663038" startTime="2011-01-24T19:36:25.9452271+00:00" endTime="2011-01-24T19:36:30.0234604+00:00" testType="13cdc9d9-ddb5-4fa4-a97d-d965ccfc6d4b" outcome="Passed" testListId="8c84fa94-04c1-424b-9868-57a2d4851a1d" relativeResultsDirectory="70419547-ba7b-497c-a0e9-280708a26724">
      <Output>
        <DebugTrace>Executing test initialization script...
1 batches, 0 ResultSets, 0 rows affected
Executing test script...
1 batches, 3 ResultSets, 3 rows affected
Validating CompetitionTypeId_NOT_NULL
Validating OneCompetitionType
Validating Correct_CompetitionTypeId
</DebugTrace>
      </Output>
    </UnitTestResult>
    <UnitTestResult executionId="5851a6bf-591d-48ba-a35f-9e23759712d0" testId="19830289-638e-1ac2-5f30-5298e2379ee5" testName="SetRegion" computerName="XPSSTUDIO" duration="00:00:00.0715376" startTime="2011-01-24T19:36:30.0414614+00:00" endTime="2011-01-24T19:36:30.1294665+00:00" testType="13cdc9d9-ddb5-4fa4-a97d-d965ccfc6d4b" outcome="Passed" testListId="8c84fa94-04c1-424b-9868-57a2d4851a1d" relativeResultsDirectory="5851a6bf-591d-48ba-a35f-9e23759712d0">
      <Output>
        <DebugTrace>Executing test initialization script...
1 batches, 0 ResultSets, 0 rows affected
Executing test script...
1 batches, 3 ResultSets, 3 rows affected
Validating RegionId_IS_NOT_NULL_
Validating OneRegion
</DebugTrace>
      </Output>
    </UnitTestResult>
    <UnitTestResult executionId="7bfafb91-0a4c-404e-ad89-e8b64c22a615" testId="65e713b3-254c-cded-da54-0ec841a37eb8" testName="ErrorNumber_8114" computerName="XPSSTUDIO" duration="00:00:00.0524899" startTime="2011-01-24T19:36:30.1354668+00:00" endTime="2011-01-24T19:36:30.2014706+00:00" testType="13cdc9d9-ddb5-4fa4-a97d-d965ccfc6d4b" outcome="Passed" testListId="8c84fa94-04c1-424b-9868-57a2d4851a1d" relativeResultsDirectory="7bfafb91-0a4c-404e-ad89-e8b64c22a615">
      <Output>
        <DebugTrace>Executing test script...
Sql Error: 'Warning: Null value is eliminated by an aggregate or other SET operation.' (Severity 0, State 1)
1 batches, 1 ResultSets, 1 rows affected
Validating Error_Number_8114
</DebugTrace>
      </Output>
    </UnitTestResult>
    <UnitTestResult executionId="77861ad5-8d9d-4587-ba2c-9180bedb3edb" testId="6e83c22e-0c74-bd59-424d-f45ede62e991" testName="PremierLeague_20100410" computerName="XPSSTUDIO" duration="00:00:06.2433571" startTime="2011-01-24T19:36:30.2094710+00:00" endTime="2011-01-24T19:36:36.4528281+00:00" testType="13cdc9d9-ddb5-4fa4-a97d-d965ccfc6d4b" outcome="Aborted" testListId="8c84fa94-04c1-424b-9868-57a2d4851a1d" relativeResultsDirectory="77861ad5-8d9d-4587-ba2c-9180bedb3edb">
    </UnitTestResult>
    <UnitTestResult executionId="b590c123-42ad-4594-b9e3-b1204bb4a107" testId="7224e00e-dc39-416e-d2b6-4ca0c2af6190" testName="SetSeason" computerName="XPSSTUDIO" testType="13cdc9d9-ddb5-4fa4-a97d-d965ccfc6d4b" outcome="NotExecuted" testListId="8c84fa94-04c1-424b-9868-57a2d4851a1d" relativeResultsDirectory="b590c123-42ad-4594-b9e3-b1204bb4a107">
    </UnitTestResult>
    <UnitTestResult executionId="23b39cad-91e0-42b1-a261-1eec142d10d1" testId="79d5e902-885e-9079-f22f-d085b89c37e5" testName="SetCompetition" computerName="XPSSTUDIO" testType="13cdc9d9-ddb5-4fa4-a97d-d965ccfc6d4b" outcome="NotExecuted" testListId="8c84fa94-04c1-424b-9868-57a2d4851a1d" relativeResultsDirectory="23b39cad-91e0-42b1-a261-1eec142d10d1">
    </UnitTestResult>
    <UnitTestResult executionId="7cc08c84-eb5e-4d0d-ac4e-4a2bbd7e9e46" testId="7a479066-ee14-155b-2593-a1786ed196ce" testName="SetScore" computerName="XPSSTUDIO" testType="13cdc9d9-ddb5-4fa4-a97d-d965ccfc6d4b" outcome="NotExecuted" testListId="8c84fa94-04c1-424b-9868-57a2d4851a1d" relativeResultsDirectory="7cc08c84-eb5e-4d0d-ac4e-4a2bbd7e9e46">
    </UnitTestResult>
    <UnitTestResult executionId="99f1e8ae-45f6-43fb-ab91-0a984dc2f40d" testId="b3506ca4-8f08-468d-f200-c37afc5882c5" testName="SetFixture" computerName="XPSSTUDIO" testType="13cdc9d9-ddb5-4fa4-a97d-d965ccfc6d4b" outcome="NotExecuted" testListId="8c84fa94-04c1-424b-9868-57a2d4851a1d" relativeResultsDirectory="99f1e8ae-45f6-43fb-ab91-0a984dc2f40d">
    </UnitTestResult>
    <UnitTestResult executionId="d33b9eed-eae9-47d4-9986-c7daad7d6879" testId="bb2aa7ea-f98e-c60c-3591-bec326d71048" testName="SetTeam" computerName="XPSSTUDIO" testType="13cdc9d9-ddb5-4fa4-a97d-d965ccfc6d4b" outcome="NotExecuted" testListId="8c84fa94-04c1-424b-9868-57a2d4851a1d" relativeResultsDirectory="d33b9eed-eae9-47d4-9986-c7daad7d6879">
    </UnitTestResult>
    <UnitTestResult executionId="21624982-834c-41fd-836d-7501ddec8b33" testId="c1681d8d-1334-5a91-13c4-f8b83598cf87" testName="SetPlayer" computerName="XPSSTUDIO" testType="13cdc9d9-ddb5-4fa4-a97d-d965ccfc6d4b" outcome="NotExecuted" testListId="8c84fa94-04c1-424b-9868-57a2d4851a1d" relativeResultsDirectory="21624982-834c-41fd-836d-7501ddec8b33">
    </UnitTestResult>
    <UnitTestResult executionId="f8160f29-6879-482a-821f-18eabb332589" testId="c242f75d-b2b9-122d-7600-2a5b3eb74fd8" testName="SetSport" computerName="XPSSTUDIO" testType="13cdc9d9-ddb5-4fa4-a97d-d965ccfc6d4b" outcome="NotExecuted" testListId="8c84fa94-04c1-424b-9868-57a2d4851a1d" relativeResultsDirectory="f8160f29-6879-482a-821f-18eabb332589">
    </UnitTestResult>
    <UnitTestResult executionId="7f30ffe6-bbd6-48e6-aa8e-30b5e145ea71" testId="fb27a4fb-3298-a97a-c0a6-12e910758b3a" testName="ZeroingOutAScore" computerName="XPSSTUDIO" testType="13cdc9d9-ddb5-4fa4-a97d-d965ccfc6d4b" outcome="NotExecuted" testListId="8c84fa94-04c1-424b-9868-57a2d4851a1d" relativeResultsDirectory="7f30ffe6-bbd6-48e6-aa8e-30b5e145ea71">
    </UnitTestResult>
  </Results>
</TestRun>