<?xml version="1.0" encoding="UTF-8"?>
<TestRun id="4aa3b84a-5396-4165-843f-5cbf4772ee44" name="jamie@XPSSTUDIO 2011-01-24 19:35:56" runUser="XPSStudio\jamie" xmlns="http://microsoft.com/schemas/VisualStudio/TeamTest/2010">
  <TestSettings name="Local" id="ec4498f2-b11a-4a4e-84f2-e0e32f3ca741">
    <Description>These are default test settings for a local test run.</Description>
    <Deployment enabled="false" runDeploymentRoot="jamie_XPSSTUDIO 2011-01-24 19_35_56" />
    <Execution>
      <TestTypeSpecific />
      <AgentRule name="Execution Agents">
      </AgentRule>
    </Execution>
  </TestSettings>
  <Times creation="2011-01-24T19:35:56.6805533+00:00" queuing="2011-01-24T19:35:56.8485629+00:00" start="2011-01-24T19:35:56.8805647+00:00" finish="2011-01-24T19:35:57.3925940+00:00" />
  <ResultSummary outcome="Completed">
    <Counters total="1" executed="1" passed="1" error="0" failed="0" timeout="0" aborted="0" inconclusive="0" passedButRunAborted="0" notRunnable="0" notExecuted="0" disconnected="0" warning="0" completed="0" inProgress="0" pending="0" />
  </ResultSummary>
  <TestDefinitions>
    <UnitTest name="ErrorNumber_8114" storage="c:\users\jamie\documents\visual studio 2010\projects\scorepedia\scorepediatest\bin\debug\scorepediatest.dll" id="65e713b3-254c-cded-da54-0ec841a37eb8">
      <Execution id="d9b51c3c-d652-4713-aafe-4c2aac27d5e9" />
      <TestMethod codeBase="C:/Users/jamie/Documents/Visual Studio 2010/Projects/scorepedia/scorepediaTest/bin/Debug/scorepediaTest.DLL" adapterTypeName="Microsoft.VisualStudio.TestTools.TestTypes.Unit.UnitTestAdapter, Microsoft.VisualStudio.QualityTools.Tips.UnitTest.Adapter, Version=10.0.0.0, Culture=neutral, PublicKeyToken=b03f5f7f11d50a3a" className="scorepediaTest.MoreThan255GoalsInAMatch, scorepediaTest, Version=1.0.0.0, Culture=neutral, PublicKeyToken=null" name="ErrorNumber_8114" />
    </UnitTest>
  </TestDefinitions>
  <TestLists>
    <TestList name="Results Not in a List" id="8c84fa94-04c1-424b-9868-57a2d4851a1d" />
    <TestList name="All Loaded Results" id="19431567-8539-422a-85d7-44ee4e166bda" />
  </TestLists>
  <TestEntries>
    <TestEntry testId="65e713b3-254c-cded-da54-0ec841a37eb8" executionId="d9b51c3c-d652-4713-aafe-4c2aac27d5e9" testListId="8c84fa94-04c1-424b-9868-57a2d4851a1d" />
  </TestEntries>
  <Results>
    <UnitTestResult executionId="d9b51c3c-d652-4713-aafe-4c2aac27d5e9" testId="65e713b3-254c-cded-da54-0ec841a37eb8" testName="ErrorNumber_8114" computerName="XPSSTUDIO" duration="00:00:00.0666593" startTime="2011-01-24T19:35:56.8915654+00:00" endTime="2011-01-24T19:35:57.3705928+00:00" testType="13cdc9d9-ddb5-4fa4-a97d-d965ccfc6d4b" outcome="Passed" testListId="8c84fa94-04c1-424b-9868-57a2d4851a1d" relativeResultsDirectory="d9b51c3c-d652-4713-aafe-4c2aac27d5e9">
      <Output>
        <DebugTrace>Executing test script...
Sql Error: 'Warning: Null value is eliminated by an aggregate or other SET operation.' (Severity 0, State 1)
1 batches, 1 ResultSets, 1 rows affected
Validating Error_Number_8114
</DebugTrace>
      </Output>
    </UnitTestResult>
  </Results>
</TestRun>