<?xml version="1.0" encoding="UTF-8"?>
<TestRun id="f4b528d3-b298-4078-87ae-b05d2182e180" name="jamie@XPSSTUDIO 2011-01-24 19:42:07" runUser="XPSStudio\jamie" xmlns="http://microsoft.com/schemas/VisualStudio/TeamTest/2010">
  <TestSettings name="Local" id="ec4498f2-b11a-4a4e-84f2-e0e32f3ca741">
    <Description>These are default test settings for a local test run.</Description>
    <Deployment enabled="false" runDeploymentRoot="jamie_XPSSTUDIO 2011-01-24 19_42_07" />
    <Execution>
      <TestTypeSpecific />
      <AgentRule name="Execution Agents">
      </AgentRule>
    </Execution>
  </TestSettings>
  <Times creation="2011-01-24T19:42:07.4577605+00:00" queuing="2011-01-24T19:42:09.1468571+00:00" start="2011-01-24T19:42:09.2648639+00:00" finish="2011-01-24T19:42:20.2224906+00:00" />
  <ResultSummary outcome="Error">
    <Counters total="12" executed="12" passed="11" error="0" failed="0" timeout="0" aborted="1" inconclusive="0" passedButRunAborted="0" notRunnable="0" notExecuted="0" disconnected="0" warning="0" completed="0" inProgress="0" pending="0" />
    <RunInfos>
      <RunInfo computerName="XPSSTUDIO" outcome="Error" timestamp="2011-01-24T19:42:20.2214906+00:00">
        <Text>Test host process exited unexpectedly.</Text>
      </RunInfo>
    </RunInfos>
  </ResultSummary>
  <TestDefinitions>
    <UnitTest name="SetTeam" storage="c:\users\jamie\documents\visual studio 2010\projects\scorepedia\scorepediatest\bin\debug\scorepediatest.dll" id="bb2aa7ea-f98e-c60c-3591-bec326d71048">
      <Execution id="faff014c-3a06-493a-b9f3-d46c46977c4a" />
      <TestMethod codeBase="C:/Users/jamie/Documents/Visual Studio 2010/Projects/scorepedia/scorepediaTest/bin/Debug/scorepediaTest.DLL" adapterTypeName="Microsoft.VisualStudio.TestTools.TestTypes.Unit.UnitTestAdapter, Microsoft.VisualStudio.QualityTools.Tips.UnitTest.Adapter, Version=10.0.0.0, Culture=neutral, PublicKeyToken=b03f5f7f11d50a3a" className="scorepediaTest.BasicOperations, scorepediaTest, Version=1.0.0.0, Culture=neutral, PublicKeyToken=null" name="SetTeam" />
    </UnitTest>
    <UnitTest name="SetRegion" storage="c:\users\jamie\documents\visual studio 2010\projects\scorepedia\scorepediatest\bin\debug\scorepediatest.dll" id="19830289-638e-1ac2-5f30-5298e2379ee5">
      <Execution id="a64c07f0-1aab-4104-a380-d55efff63b6b" />
      <TestMethod codeBase="C:/Users/jamie/Documents/Visual Studio 2010/Projects/scorepedia/scorepediaTest/bin/Debug/scorepediaTest.DLL" adapterTypeName="Microsoft.VisualStudio.TestTools.TestTypes.Unit.UnitTestAdapter, Microsoft.VisualStudio.QualityTools.Tips.UnitTest.Adapter, Version=10.0.0.0, Culture=neutral, PublicKeyToken=b03f5f7f11d50a3a" className="scorepediaTest.BasicOperations, scorepediaTest, Version=1.0.0.0, Culture=neutral, PublicKeyToken=null" name="SetRegion" />
    </UnitTest>
    <UnitTest name="SetFixture" storage="c:\users\jamie\documents\visual studio 2010\projects\scorepedia\scorepediatest\bin\debug\scorepediatest.dll" id="b3506ca4-8f08-468d-f200-c37afc5882c5">
      <Execution id="732f11d2-0e26-4a06-812a-c0e18d40f53b" />
      <TestMethod codeBase="C:/Users/jamie/Documents/Visual Studio 2010/Projects/scorepedia/scorepediaTest/bin/Debug/scorepediaTest.DLL" adapterTypeName="Microsoft.VisualStudio.TestTools.TestTypes.Unit.UnitTestAdapter, Microsoft.VisualStudio.QualityTools.Tips.UnitTest.Adapter, Version=10.0.0.0, Culture=neutral, PublicKeyToken=b03f5f7f11d50a3a" className="scorepediaTest.BasicOperations, scorepediaTest, Version=1.0.0.0, Culture=neutral, PublicKeyToken=null" name="SetFixture" />
    </UnitTest>
    <UnitTest name="SetCompetition" storage="c:\users\jamie\documents\visual studio 2010\projects\scorepedia\scorepediatest\bin\debug\scorepediatest.dll" id="79d5e902-885e-9079-f22f-d085b89c37e5">
      <Execution id="6a69a47a-8e4d-4f80-a537-ba9688a3ed52" />
      <TestMethod codeBase="C:/Users/jamie/Documents/Visual Studio 2010/Projects/scorepedia/scorepediaTest/bin/Debug/scorepediaTest.DLL" adapterTypeName="Microsoft.VisualStudio.TestTools.TestTypes.Unit.UnitTestAdapter, Microsoft.VisualStudio.QualityTools.Tips.UnitTest.Adapter, Version=10.0.0.0, Culture=neutral, PublicKeyToken=b03f5f7f11d50a3a" className="scorepediaTest.BasicOperations, scorepediaTest, Version=1.0.0.0, Culture=neutral, PublicKeyToken=null" name="SetCompetition" />
    </UnitTest>
    <UnitTest name="SetSport" storage="c:\users\jamie\documents\visual studio 2010\projects\scorepedia\scorepediatest\bin\debug\scorepediatest.dll" id="c242f75d-b2b9-122d-7600-2a5b3eb74fd8">
      <Execution id="b5f74419-0991-4fb3-9edd-91a68ec7222d" />
      <TestMethod codeBase="C:/Users/jamie/Documents/Visual Studio 2010/Projects/scorepedia/scorepediaTest/bin/Debug/scorepediaTest.DLL" adapterTypeName="Microsoft.VisualStudio.TestTools.TestTypes.Unit.UnitTestAdapter, Microsoft.VisualStudio.QualityTools.Tips.UnitTest.Adapter, Version=10.0.0.0, Culture=neutral, PublicKeyToken=b03f5f7f11d50a3a" className="scorepediaTest.BasicOperations, scorepediaTest, Version=1.0.0.0, Culture=neutral, PublicKeyToken=null" name="SetSport" />
    </UnitTest>
    <UnitTest name="ZeroingOutAScore" storage="c:\users\jamie\documents\visual studio 2010\projects\scorepedia\scorepediatest\bin\debug\scorepediatest.dll" id="fb27a4fb-3298-a97a-c0a6-12e910758b3a">
      <Execution id="0f0c48fe-3687-4d6d-a169-10fad7f05d4a" />
      <TestMethod codeBase="C:/Users/jamie/Documents/Visual Studio 2010/Projects/scorepedia/scorepediaTest/bin/Debug/scorepediaTest.DLL" adapterTypeName="Microsoft.VisualStudio.TestTools.TestTypes.Unit.UnitTestAdapter, Microsoft.VisualStudio.QualityTools.Tips.UnitTest.Adapter, Version=10.0.0.0, Culture=neutral, PublicKeyToken=b03f5f7f11d50a3a" className="scorepediaTest.ZeroingAScore, scorepediaTest, Version=1.0.0.0, Culture=neutral, PublicKeyToken=null" name="ZeroingOutAScore" />
    </UnitTest>
    <UnitTest name="SetCompetitionType" storage="c:\users\jamie\documents\visual studio 2010\projects\scorepedia\scorepediatest\bin\debug\scorepediatest.dll" id="0cfd5b98-683b-79a5-1256-788e55100c2c">
      <Execution id="42d78275-5f66-434b-93c5-8d27f4a0714d" />
      <TestMethod codeBase="C:/Users/jamie/Documents/Visual Studio 2010/Projects/scorepedia/scorepediaTest/bin/Debug/scorepediaTest.DLL" adapterTypeName="Microsoft.VisualStudio.TestTools.TestTypes.Unit.UnitTestAdapter, Microsoft.VisualStudio.QualityTools.Tips.UnitTest.Adapter, Version=10.0.0.0, Culture=neutral, PublicKeyToken=b03f5f7f11d50a3a" className="scorepediaTest.BasicOperations, scorepediaTest, Version=1.0.0.0, Culture=neutral, PublicKeyToken=null" name="SetCompetitionType" />
    </UnitTest>
    <UnitTest name="ErrorNumber_8114" storage="c:\users\jamie\documents\visual studio 2010\projects\scorepedia\scorepediatest\bin\debug\scorepediatest.dll" id="65e713b3-254c-cded-da54-0ec841a37eb8">
      <Execution id="a30104dd-f616-4585-9643-4744b9e80d72" />
      <TestMethod codeBase="C:/Users/jamie/Documents/Visual Studio 2010/Projects/scorepedia/scorepediaTest/bin/Debug/scorepediaTest.DLL" adapterTypeName="Microsoft.VisualStudio.TestTools.TestTypes.Unit.UnitTestAdapter, Microsoft.VisualStudio.QualityTools.Tips.UnitTest.Adapter, Version=10.0.0.0, Culture=neutral, PublicKeyToken=b03f5f7f11d50a3a" className="scorepediaTest.MoreThan255GoalsInAMatch, scorepediaTest, Version=1.0.0.0, Culture=neutral, PublicKeyToken=null" name="ErrorNumber_8114" />
    </UnitTest>
    <UnitTest name="SetPlayer" storage="c:\users\jamie\documents\visual studio 2010\projects\scorepedia\scorepediatest\bin\debug\scorepediatest.dll" id="c1681d8d-1334-5a91-13c4-f8b83598cf87">
      <Execution id="705b5762-a173-47da-87ab-230d34561e2a" />
      <TestMethod codeBase="C:/Users/jamie/Documents/Visual Studio 2010/Projects/scorepedia/scorepediaTest/bin/Debug/scorepediaTest.DLL" adapterTypeName="Microsoft.VisualStudio.TestTools.TestTypes.Unit.UnitTestAdapter, Microsoft.VisualStudio.QualityTools.Tips.UnitTest.Adapter, Version=10.0.0.0, Culture=neutral, PublicKeyToken=b03f5f7f11d50a3a" className="scorepediaTest.BasicOperations, scorepediaTest, Version=1.0.0.0, Culture=neutral, PublicKeyToken=null" name="SetPlayer" />
    </UnitTest>
    <UnitTest name="SetScore" storage="c:\users\jamie\documents\visual studio 2010\projects\scorepedia\scorepediatest\bin\debug\scorepediatest.dll" id="7a479066-ee14-155b-2593-a1786ed196ce">
      <Execution id="4e454510-59af-41a1-99af-8e71f40d8a36" />
      <TestMethod codeBase="C:/Users/jamie/Documents/Visual Studio 2010/Projects/scorepedia/scorepediaTest/bin/Debug/scorepediaTest.DLL" adapterTypeName="Microsoft.VisualStudio.TestTools.TestTypes.Unit.UnitTestAdapter, Microsoft.VisualStudio.QualityTools.Tips.UnitTest.Adapter, Version=10.0.0.0, Culture=neutral, PublicKeyToken=b03f5f7f11d50a3a" className="scorepediaTest.BasicOperations, scorepediaTest, Version=1.0.0.0, Culture=neutral, PublicKeyToken=null" name="SetScore" />
    </UnitTest>
    <UnitTest name="SetSeason" storage="c:\users\jamie\documents\visual studio 2010\projects\scorepedia\scorepediatest\bin\debug\scorepediatest.dll" id="7224e00e-dc39-416e-d2b6-4ca0c2af6190">
      <Execution id="814668f8-a565-49ad-90dc-8aaeee567a77" />
      <TestMethod codeBase="C:/Users/jamie/Documents/Visual Studio 2010/Projects/scorepedia/scorepediaTest/bin/Debug/scorepediaTest.DLL" adapterTypeName="Microsoft.VisualStudio.TestTools.TestTypes.Unit.UnitTestAdapter, Microsoft.VisualStudio.QualityTools.Tips.UnitTest.Adapter, Version=10.0.0.0, Culture=neutral, PublicKeyToken=b03f5f7f11d50a3a" className="scorepediaTest.BasicOperations, scorepediaTest, Version=1.0.0.0, Culture=neutral, PublicKeyToken=null" name="SetSeason" />
    </UnitTest>
    <UnitTest name="PremierLeague__20100410" storage="c:\users\jamie\documents\visual studio 2010\projects\scorepedia\scorepediatest\bin\debug\scorepediatest.dll" id="0cb8093a-21cc-2789-8dbd-32dabc6a2520">
      <Execution id="0d5d38de-7008-4d1e-b3da-96aa532bc203" />
      <TestMethod codeBase="C:/Users/jamie/Documents/Visual Studio 2010/Projects/scorepedia/scorepediaTest/bin/Debug/scorepediaTest.DLL" adapterTypeName="Microsoft.VisualStudio.TestTools.TestTypes.Unit.UnitTestAdapter, Microsoft.VisualStudio.QualityTools.Tips.UnitTest.Adapter, Version=10.0.0.0, Culture=neutral, PublicKeyToken=b03f5f7f11d50a3a" className="scorepediaTest.PremierLeague20100410, scorepediaTest, Version=1.0.0.0, Culture=neutral, PublicKeyToken=null" name="PremierLeague__20100410" />
    </UnitTest>
  </TestDefinitions>
  <TestLists>
    <TestList name="Results Not in a List" id="8c84fa94-04c1-424b-9868-57a2d4851a1d" />
    <TestList name="All Loaded Results" id="19431567-8539-422a-85d7-44ee4e166bda" />
  </TestLists>
  <TestEntries>
    <TestEntry testId="0cb8093a-21cc-2789-8dbd-32dabc6a2520" executionId="0d5d38de-7008-4d1e-b3da-96aa532bc203" testListId="8c84fa94-04c1-424b-9868-57a2d4851a1d" />
    <TestEntry testId="0cfd5b98-683b-79a5-1256-788e55100c2c" executionId="42d78275-5f66-434b-93c5-8d27f4a0714d" testListId="8c84fa94-04c1-424b-9868-57a2d4851a1d" />
    <TestEntry testId="19830289-638e-1ac2-5f30-5298e2379ee5" executionId="a64c07f0-1aab-4104-a380-d55efff63b6b" testListId="8c84fa94-04c1-424b-9868-57a2d4851a1d" />
    <TestEntry testId="65e713b3-254c-cded-da54-0ec841a37eb8" executionId="a30104dd-f616-4585-9643-4744b9e80d72" testListId="8c84fa94-04c1-424b-9868-57a2d4851a1d" />
    <TestEntry testId="7224e00e-dc39-416e-d2b6-4ca0c2af6190" executionId="814668f8-a565-49ad-90dc-8aaeee567a77" testListId="8c84fa94-04c1-424b-9868-57a2d4851a1d" />
    <TestEntry testId="79d5e902-885e-9079-f22f-d085b89c37e5" executionId="6a69a47a-8e4d-4f80-a537-ba9688a3ed52" testListId="8c84fa94-04c1-424b-9868-57a2d4851a1d" />
    <TestEntry testId="7a479066-ee14-155b-2593-a1786ed196ce" executionId="4e454510-59af-41a1-99af-8e71f40d8a36" testListId="8c84fa94-04c1-424b-9868-57a2d4851a1d" />
    <TestEntry testId="b3506ca4-8f08-468d-f200-c37afc5882c5" executionId="732f11d2-0e26-4a06-812a-c0e18d40f53b" testListId="8c84fa94-04c1-424b-9868-57a2d4851a1d" />
    <TestEntry testId="bb2aa7ea-f98e-c60c-3591-bec326d71048" executionId="faff014c-3a06-493a-b9f3-d46c46977c4a" testListId="8c84fa94-04c1-424b-9868-57a2d4851a1d" />
    <TestEntry testId="c1681d8d-1334-5a91-13c4-f8b83598cf87" executionId="705b5762-a173-47da-87ab-230d34561e2a" testListId="8c84fa94-04c1-424b-9868-57a2d4851a1d" />
    <TestEntry testId="c242f75d-b2b9-122d-7600-2a5b3eb74fd8" executionId="b5f74419-0991-4fb3-9edd-91a68ec7222d" testListId="8c84fa94-04c1-424b-9868-57a2d4851a1d" />
    <TestEntry testId="fb27a4fb-3298-a97a-c0a6-12e910758b3a" executionId="0f0c48fe-3687-4d6d-a169-10fad7f05d4a" testListId="8c84fa94-04c1-424b-9868-57a2d4851a1d" />
  </TestEntries>
  <Results>
    <UnitTestResult executionId="0d5d38de-7008-4d1e-b3da-96aa532bc203" testId="0cb8093a-21cc-2789-8dbd-32dabc6a2520" testName="PremierLeague__20100410" computerName="XPSSTUDIO" duration="00:00:00.2913284" startTime="2011-01-24T19:42:09.3058662+00:00" endTime="2011-01-24T19:42:12.3670413+00:00" testType="13cdc9d9-ddb5-4fa4-a97d-d965ccfc6d4b" outcome="Passed" testListId="8c84fa94-04c1-424b-9868-57a2d4851a1d" relativeResultsDirectory="0d5d38de-7008-4d1e-b3da-96aa532bc203">
      <Output>
        <DebugTrace>Executing test script...
Sql Error: 'Warning: Null value is eliminated by an aggregate or other SET operation.' (Severity 0, State 1)
Sql Error: 'Warning: Null value is eliminated by an aggregate or other SET operation.' (Severity 0, State 1)
Sql Error: 'Warning: Null value is eliminated by an aggregate or other SET operation.' (Severity 0, State 1)
Sql Error: 'Warning: Null value is eliminated by an aggregate or other SET operation.' (Severity 0, State 1)
Sql Error: 'Warning: Null value is eliminated by an aggregate or other SET operation.' (Severity 0, State 1)
Sql Error: 'Warning: Null value is eliminated by an aggregate or other SET operation.' (Severity 0, State 1)
Sql Error: 'Warning: Null value is eliminated by an aggregate or other SET operation.' (Severity 0, State 1)
Sql Error: 'Warning: Null value is eliminated by an aggregate or other SET operation.' (Severity 0, State 1)
Sql Error: 'Warning: Null value is eliminated by an aggregate or other SET operation.' (Severity 0, State 1)
Sql Error: 'Warning: Null value is eliminated by an aggregate or other SET operation.' (Severity 0, State 1)
1 batches, 5 ResultSets, 77 rows affected
Validating Fixture_
Validating FixtureTeam_
Validating Player_
Validating Score_
Validating TotalNumberOfGoals_
</DebugTrace>
      </Output>
    </UnitTestResult>
    <UnitTestResult executionId="42d78275-5f66-434b-93c5-8d27f4a0714d" testId="0cfd5b98-683b-79a5-1256-788e55100c2c" testName="SetCompetitionType" computerName="XPSSTUDIO" duration="00:00:00.0759060" startTime="2011-01-24T19:42:12.3770419+00:00" endTime="2011-01-24T19:42:12.4700472+00:00" testType="13cdc9d9-ddb5-4fa4-a97d-d965ccfc6d4b" outcome="Passed" testListId="8c84fa94-04c1-424b-9868-57a2d4851a1d" relativeResultsDirectory="42d78275-5f66-434b-93c5-8d27f4a0714d">
      <Output>
        <DebugTrace>Executing test initialization script...
1 batches, 0 ResultSets, 0 rows affected
Executing test script...
1 batches, 3 ResultSets, 3 rows affected
Validating CompetitionTypeId_NOT_NULL
Validating OneCompetitionType
Validating Correct_CompetitionTypeId
</DebugTrace>
      </Output>
    </UnitTestResult>
    <UnitTestResult executionId="a64c07f0-1aab-4104-a380-d55efff63b6b" testId="19830289-638e-1ac2-5f30-5298e2379ee5" testName="SetRegion" computerName="XPSSTUDIO" duration="00:00:00.0730964" startTime="2011-01-24T19:42:12.4770476+00:00" endTime="2011-01-24T19:42:12.5720530+00:00" testType="13cdc9d9-ddb5-4fa4-a97d-d965ccfc6d4b" outcome="Passed" testListId="8c84fa94-04c1-424b-9868-57a2d4851a1d" relativeResultsDirectory="a64c07f0-1aab-4104-a380-d55efff63b6b">
      <Output>
        <DebugTrace>Executing test initialization script...
1 batches, 0 ResultSets, 0 rows affected
Executing test script...
1 batches, 3 ResultSets, 3 rows affected
Validating RegionId_IS_NOT_NULL_
Validating OneRegion
</DebugTrace>
      </Output>
    </UnitTestResult>
    <UnitTestResult executionId="a30104dd-f616-4585-9643-4744b9e80d72" testId="65e713b3-254c-cded-da54-0ec841a37eb8" testName="ErrorNumber_8114" computerName="XPSSTUDIO" duration="00:00:00.0681719" startTime="2011-01-24T19:42:12.5820536+00:00" endTime="2011-01-24T19:42:12.6680585+00:00" testType="13cdc9d9-ddb5-4fa4-a97d-d965ccfc6d4b" outcome="Passed" testListId="8c84fa94-04c1-424b-9868-57a2d4851a1d" relativeResultsDirectory="a30104dd-f616-4585-9643-4744b9e80d72">
      <Output>
        <DebugTrace>Executing test script...
Sql Error: 'Warning: Null value is eliminated by an aggregate or other SET operation.' (Severity 0, State 1)
1 batches, 1 ResultSets, 1 rows affected
Validating Error_Number_8114
</DebugTrace>
      </Output>
    </UnitTestResult>
    <UnitTestResult executionId="814668f8-a565-49ad-90dc-8aaeee567a77" testId="7224e00e-dc39-416e-d2b6-4ca0c2af6190" testName="SetSeason" computerName="XPSSTUDIO" duration="00:00:00.0719598" startTime="2011-01-24T19:42:12.6840595+00:00" endTime="2011-01-24T19:42:12.7670642+00:00" testType="13cdc9d9-ddb5-4fa4-a97d-d965ccfc6d4b" outcome="Passed" testListId="8c84fa94-04c1-424b-9868-57a2d4851a1d" relativeResultsDirectory="814668f8-a565-49ad-90dc-8aaeee567a77">
      <Output>
        <DebugTrace>Executing test initialization script...
1 batches, 0 ResultSets, 0 rows affected
Executing test script...
1 batches, 3 ResultSets, 3 rows affected
Validating NotNullSeasonId
Validating OneSeason
Validating Correct_SeasonId
</DebugTrace>
      </Output>
    </UnitTestResult>
    <UnitTestResult executionId="6a69a47a-8e4d-4f80-a537-ba9688a3ed52" testId="79d5e902-885e-9079-f22f-d085b89c37e5" testName="SetCompetition" computerName="XPSSTUDIO" duration="00:00:00.0778805" startTime="2011-01-24T19:42:12.7760647+00:00" endTime="2011-01-24T19:42:12.8720702+00:00" testType="13cdc9d9-ddb5-4fa4-a97d-d965ccfc6d4b" outcome="Passed" testListId="8c84fa94-04c1-424b-9868-57a2d4851a1d" relativeResultsDirectory="6a69a47a-8e4d-4f80-a537-ba9688a3ed52">
      <Output>
        <DebugTrace>Executing test initialization script...
1 batches, 0 ResultSets, 0 rows affected
Executing test script...
1 batches, 3 ResultSets, 3 rows affected
Validating Competitionid_NOT_NULL
Validating One_Competition
Validating Correct_CompetitionId
</DebugTrace>
      </Output>
    </UnitTestResult>
    <UnitTestResult executionId="4e454510-59af-41a1-99af-8e71f40d8a36" testId="7a479066-ee14-155b-2593-a1786ed196ce" testName="SetScore" computerName="XPSSTUDIO" duration="00:00:00.1148311" startTime="2011-01-24T19:42:12.8820708+00:00" endTime="2011-01-24T19:42:13.0210787+00:00" testType="13cdc9d9-ddb5-4fa4-a97d-d965ccfc6d4b" outcome="Passed" testListId="8c84fa94-04c1-424b-9868-57a2d4851a1d" relativeResultsDirectory="4e454510-59af-41a1-99af-8e71f40d8a36">
      <Output>
        <DebugTrace>Executing test initialization script...
1 batches, 0 ResultSets, 0 rows affected
Executing test script...
1 batches, 3 ResultSets, 9 rows affected
Validating ScoreId_NOT_NULL
Validating OnePlayer
Validating Correct__PlayerID
</DebugTrace>
      </Output>
    </UnitTestResult>
    <UnitTestResult executionId="732f11d2-0e26-4a06-812a-c0e18d40f53b" testId="b3506ca4-8f08-468d-f200-c37afc5882c5" testName="SetFixture" computerName="XPSSTUDIO" duration="00:00:00.1253168" startTime="2011-01-24T19:42:13.0320794+00:00" endTime="2011-01-24T19:42:13.1810879+00:00" testType="13cdc9d9-ddb5-4fa4-a97d-d965ccfc6d4b" outcome="Passed" testListId="8c84fa94-04c1-424b-9868-57a2d4851a1d" relativeResultsDirectory="732f11d2-0e26-4a06-812a-c0e18d40f53b">
      <Output>
        <DebugTrace>Executing test initialization script...
1 batches, 0 ResultSets, 0 rows affected
Executing test script...
Sql Error: 'Warning: Null value is eliminated by an aggregate or other SET operation.' (Severity 0, State 1)
1 batches, 3 ResultSets, 3 rows affected
Validating FixtureId_NOT_NULL
Validating One_Fixture
Validating Correct_FixtureId
</DebugTrace>
      </Output>
    </UnitTestResult>
    <UnitTestResult executionId="faff014c-3a06-493a-b9f3-d46c46977c4a" testId="bb2aa7ea-f98e-c60c-3591-bec326d71048" testName="SetTeam" computerName="XPSSTUDIO" duration="00:00:00.1303787" startTime="2011-01-24T19:42:13.1930886+00:00" endTime="2011-01-24T19:42:13.3490975+00:00" testType="13cdc9d9-ddb5-4fa4-a97d-d965ccfc6d4b" outcome="Passed" testListId="8c84fa94-04c1-424b-9868-57a2d4851a1d" relativeResultsDirectory="faff014c-3a06-493a-b9f3-d46c46977c4a">
      <Output>
        <DebugTrace>Executing test initialization script...
1 batches, 0 ResultSets, 0 rows affected
Executing test script...
1 batches, 3 ResultSets, 3 rows affected
Validating TeamId_NOT_NULL
Validating One_Team
Validating Correct_TeamId
</DebugTrace>
      </Output>
    </UnitTestResult>
    <UnitTestResult executionId="705b5762-a173-47da-87ab-230d34561e2a" testId="c1681d8d-1334-5a91-13c4-f8b83598cf87" testName="SetPlayer" computerName="XPSSTUDIO" duration="00:00:00.1334252" startTime="2011-01-24T19:42:13.3600981+00:00" endTime="2011-01-24T19:42:13.5161070+00:00" testType="13cdc9d9-ddb5-4fa4-a97d-d965ccfc6d4b" outcome="Passed" testListId="8c84fa94-04c1-424b-9868-57a2d4851a1d" relativeResultsDirectory="705b5762-a173-47da-87ab-230d34561e2a">
      <Output>
        <DebugTrace>Executing test initialization script...
1 batches, 0 ResultSets, 0 rows affected
Executing test script...
Sql Error: 'Warning: Null value is eliminated by an aggregate or other SET operation.' (Severity 0, State 1)
1 batches, 3 ResultSets, 3 rows affected
Validating PlayerId_NOT_NULL
Validating One_Player
Validating Correct_PlayerId
</DebugTrace>
      </Output>
    </UnitTestResult>
    <UnitTestResult executionId="b5f74419-0991-4fb3-9edd-91a68ec7222d" testId="c242f75d-b2b9-122d-7600-2a5b3eb74fd8" testName="SetSport" computerName="XPSSTUDIO" duration="00:00:00.1236248" startTime="2011-01-24T19:42:13.5271077+00:00" endTime="2011-01-24T19:42:13.6741161+00:00" testType="13cdc9d9-ddb5-4fa4-a97d-d965ccfc6d4b" outcome="Passed" testListId="8c84fa94-04c1-424b-9868-57a2d4851a1d" relativeResultsDirectory="b5f74419-0991-4fb3-9edd-91a68ec7222d">
      <Output>
        <DebugTrace>Executing test initialization script...
1 batches, 0 ResultSets, 0 rows affected
Executing test script...
1 batches, 3 ResultSets, 3 rows affected
Validating Only_one_SportId
Validating SportId_IS_NOT_NULL
Validating One_and_only_one_Sport_with_a_given_name
Validating Returned_SportId_is_correct_for_SportName
</DebugTrace>
      </Output>
    </UnitTestResult>
    <UnitTestResult executionId="0f0c48fe-3687-4d6d-a169-10fad7f05d4a" testId="fb27a4fb-3298-a97a-c0a6-12e910758b3a" testName="ZeroingOutAScore" computerName="XPSSTUDIO" duration="00:00:06.5363738" startTime="2011-01-24T19:42:13.6861168+00:00" endTime="2011-01-24T19:42:20.2224906+00:00" testType="13cdc9d9-ddb5-4fa4-a97d-d965ccfc6d4b" outcome="Aborted" testListId="8c84fa94-04c1-424b-9868-57a2d4851a1d" relativeResultsDirectory="0f0c48fe-3687-4d6d-a169-10fad7f05d4a">
    </UnitTestResult>
  </Results>
</TestRun>